// Vitest Snapshot v1, https://vitest.dev/guide/snapshot.html

exports[`Counter > should render correctly 1`] = `
"<p>0</p>
<button>Increment</button>
<button>Decrement</button>"
`;
